
AVRASM ver. 2.1.30  E:\Windscreen wiper\code\List\wiperCode.asm Mon Sep 19 19:10:42 2022

E:\Windscreen wiper\code\List\wiperCode.asm(1061): warning: Register r3 already defined by the .DEF directive
E:\Windscreen wiper\code\List\wiperCode.asm(1062): warning: Register r5 already defined by the .DEF directive
E:\Windscreen wiper\code\List\wiperCode.asm(1063): warning: Register r8 already defined by the .DEF directive
E:\Windscreen wiper\code\List\wiperCode.asm(1064): warning: Register r7 already defined by the .DEF directive
E:\Windscreen wiper\code\List\wiperCode.asm(1065): warning: Register r10 already defined by the .DEF directive
                 
                 
                 ;CodeVisionAVR C Compiler V2.05.0 Advanced
                 ;(C) Copyright 1998-2010 Pavel Haiduc, HP InfoTech s.r.l.
                 ;http://www.hpinfotech.com
                 
                 ;Chip type                : ATmega328P
                 ;Program type             : Application
                 ;Clock frequency          : 1,000000 MHz
                 ;Memory model             : Small
                 ;Optimize for             : Size
                 ;(s)printf features       : int, width
                 ;(s)scanf features        : int, width
                 ;External RAM size        : 0
                 ;Data Stack size          : 512 byte(s)
                 ;Heap size                : 0 byte(s)
                 ;Promote 'char' to 'int'  : Yes
                 ;'char' is unsigned       : Yes
                 ;8 bit enums              : Yes
                 ;global 'const' stored in FLASH: No
                 ;Enhanced core instructions    : On
                 ;Smart register allocation     : On
                 ;Automatic register allocation : On
                 
                 	#pragma AVRPART ADMIN PART_NAME ATmega328P
                 	#pragma AVRPART MEMORY PROG_FLASH 32768
                 	#pragma AVRPART MEMORY EEPROM 1024
                 	#pragma AVRPART MEMORY INT_SRAM SIZE 2303
                 	#pragma AVRPART MEMORY INT_SRAM START_ADDR 0x100
                 
                 	#define CALL_SUPPORTED 1
                 
                 	.LISTMAC
                 	.EQU EERE=0x0
                 	.EQU EEWE=0x1
                 	.EQU EEMWE=0x2
                 	.EQU UDRE=0x5
                 	.EQU RXC=0x7
                 	.EQU EECR=0x1F
                 	.EQU EEDR=0x20
                 	.EQU EEARL=0x21
                 	.EQU EEARH=0x22
                 	.EQU SPSR=0x2D
                 	.EQU SPDR=0x2E
                 	.EQU SMCR=0x33
                 	.EQU MCUSR=0x34
                 	.EQU MCUCR=0x35
                 	.EQU WDTCSR=0x60
                 	.EQU UCSR0A=0xC0
                 	.EQU UDR0=0xC6
                 	.EQU SPL=0x3D
                 	.EQU SPH=0x3E
                 	.EQU SREG=0x3F
                 	.EQU GPIOR0=0x1E
                 
                 	.DEF R0X0=R0
                 	.DEF R0X1=R1
                 	.DEF R0X2=R2
                 	.DEF R0X3=R3
                 	.DEF R0X4=R4
                 	.DEF R0X5=R5
                 	.DEF R0X6=R6
                 	.DEF R0X7=R7
                 	.DEF R0X8=R8
                 	.DEF R0X9=R9
                 	.DEF R0XA=R10
                 	.DEF R0XB=R11
                 	.DEF R0XC=R12
                 	.DEF R0XD=R13
                 	.DEF R0XE=R14
                 	.DEF R0XF=R15
                 	.DEF R0X10=R16
                 	.DEF R0X11=R17
                 	.DEF R0X12=R18
                 	.DEF R0X13=R19
                 	.DEF R0X14=R20
                 	.DEF R0X15=R21
                 	.DEF R0X16=R22
                 	.DEF R0X17=R23
                 	.DEF R0X18=R24
                 	.DEF R0X19=R25
                 	.DEF R0X1A=R26
                 	.DEF R0X1B=R27
                 	.DEF R0X1C=R28
                 	.DEF R0X1D=R29
                 	.DEF R0X1E=R30
                 	.DEF R0X1F=R31
                 
                 	.EQU __SRAM_START=0x0100
                 	.EQU __SRAM_END=0x08FF
                 	.EQU __DSTACK_SIZE=0x0200
                 	.EQU __HEAP_SIZE=0x0000
                 	.EQU __CLEAR_SRAM_SIZE=__SRAM_END-__SRAM_START+1
                 
                 	.MACRO __CPD1N
                 	CPI  R30,LOW(@0)
                 	LDI  R26,HIGH(@0)
                 	CPC  R31,R26
                 	LDI  R26,BYTE3(@0)
                 	CPC  R22,R26
                 	LDI  R26,BYTE4(@0)
                 	CPC  R23,R26
                 	.ENDM
                 
                 	.MACRO __CPD2N
                 	CPI  R26,LOW(@0)
                 	LDI  R30,HIGH(@0)
                 	CPC  R27,R30
                 	LDI  R30,BYTE3(@0)
                 	CPC  R24,R30
                 	LDI  R30,BYTE4(@0)
                 	CPC  R25,R30
                 	.ENDM
                 
                 	.MACRO __CPWRR
                 	CP   R@0,R@2
                 	CPC  R@1,R@3
                 	.ENDM
                 
                 	.MACRO __CPWRN
                 	CPI  R@0,LOW(@2)
                 	LDI  R30,HIGH(@2)
                 	CPC  R@1,R30
                 	.ENDM
                 
                 	.MACRO __ADDB1MN
                 	SUBI R30,LOW(-@0-(@1))
                 	.ENDM
                 
                 	.MACRO __ADDB2MN
                 	SUBI R26,LOW(-@0-(@1))
                 	.ENDM
                 
                 	.MACRO __ADDW1MN
                 	SUBI R30,LOW(-@0-(@1))
                 	SBCI R31,HIGH(-@0-(@1))
                 	.ENDM
                 
                 	.MACRO __ADDW2MN
                 	SUBI R26,LOW(-@0-(@1))
                 	SBCI R27,HIGH(-@0-(@1))
                 	.ENDM
                 
                 	.MACRO __ADDW1FN
                 	SUBI R30,LOW(-2*@0-(@1))
                 	SBCI R31,HIGH(-2*@0-(@1))
                 	.ENDM
                 
                 	.MACRO __ADDD1FN
                 	SUBI R30,LOW(-2*@0-(@1))
                 	SBCI R31,HIGH(-2*@0-(@1))
                 	SBCI R22,BYTE3(-2*@0-(@1))
                 	.ENDM
                 
                 	.MACRO __ADDD1N
                 	SUBI R30,LOW(-@0)
                 	SBCI R31,HIGH(-@0)
                 	SBCI R22,BYTE3(-@0)
                 	SBCI R23,BYTE4(-@0)
                 	.ENDM
                 
                 	.MACRO __ADDD2N
                 	SUBI R26,LOW(-@0)
                 	SBCI R27,HIGH(-@0)
                 	SBCI R24,BYTE3(-@0)
                 	SBCI R25,BYTE4(-@0)
                 	.ENDM
                 
                 	.MACRO __SUBD1N
                 	SUBI R30,LOW(@0)
                 	SBCI R31,HIGH(@0)
                 	SBCI R22,BYTE3(@0)
                 	SBCI R23,BYTE4(@0)
                 	.ENDM
                 
                 	.MACRO __SUBD2N
                 	SUBI R26,LOW(@0)
                 	SBCI R27,HIGH(@0)
                 	SBCI R24,BYTE3(@0)
                 	SBCI R25,BYTE4(@0)
                 	.ENDM
                 
                 	.MACRO __ANDBMNN
                 	LDS  R30,@0+(@1)
                 	ANDI R30,LOW(@2)
                 	STS  @0+(@1),R30
                 	.ENDM
                 
                 	.MACRO __ANDWMNN
                 	LDS  R30,@0+(@1)
                 	ANDI R30,LOW(@2)
                 	STS  @0+(@1),R30
                 	LDS  R30,@0+(@1)+1
                 	ANDI R30,HIGH(@2)
                 	STS  @0+(@1)+1,R30
                 	.ENDM
                 
                 	.MACRO __ANDD1N
                 	ANDI R30,LOW(@0)
                 	ANDI R31,HIGH(@0)
                 	ANDI R22,BYTE3(@0)
                 	ANDI R23,BYTE4(@0)
                 	.ENDM
                 
                 	.MACRO __ANDD2N
                 	ANDI R26,LOW(@0)
                 	ANDI R27,HIGH(@0)
                 	ANDI R24,BYTE3(@0)
                 	ANDI R25,BYTE4(@0)
                 	.ENDM
                 
                 	.MACRO __ORBMNN
                 	LDS  R30,@0+(@1)
                 	ORI  R30,LOW(@2)
                 	STS  @0+(@1),R30
                 	.ENDM
                 
                 	.MACRO __ORWMNN
                 	LDS  R30,@0+(@1)
                 	ORI  R30,LOW(@2)
                 	STS  @0+(@1),R30
                 	LDS  R30,@0+(@1)+1
                 	ORI  R30,HIGH(@2)
                 	STS  @0+(@1)+1,R30
                 	.ENDM
                 
                 	.MACRO __ORD1N
                 	ORI  R30,LOW(@0)
                 	ORI  R31,HIGH(@0)
                 	ORI  R22,BYTE3(@0)
                 	ORI  R23,BYTE4(@0)
                 	.ENDM
                 
                 	.MACRO __ORD2N
                 	ORI  R26,LOW(@0)
                 	ORI  R27,HIGH(@0)
                 	ORI  R24,BYTE3(@0)
                 	ORI  R25,BYTE4(@0)
                 	.ENDM
                 
                 	.MACRO __DELAY_USB
                 	LDI  R24,LOW(@0)
                 __DELAY_USB_LOOP:
                 	DEC  R24
                 	BRNE __DELAY_USB_LOOP
                 	.ENDM
                 
                 	.MACRO __DELAY_USW
                 	LDI  R24,LOW(@0)
                 	LDI  R25,HIGH(@0)
                 __DELAY_USW_LOOP:
                 	SBIW R24,1
                 	BRNE __DELAY_USW_LOOP
                 	.ENDM
                 
                 	.MACRO __GETD1S
                 	LDD  R30,Y+@0
                 	LDD  R31,Y+@0+1
                 	LDD  R22,Y+@0+2
                 	LDD  R23,Y+@0+3
                 	.ENDM
                 
                 	.MACRO __GETD2S
                 	LDD  R26,Y+@0
                 	LDD  R27,Y+@0+1
                 	LDD  R24,Y+@0+2
                 	LDD  R25,Y+@0+3
                 	.ENDM
                 
                 	.MACRO __PUTD1S
                 	STD  Y+@0,R30
                 	STD  Y+@0+1,R31
                 	STD  Y+@0+2,R22
                 	STD  Y+@0+3,R23
                 	.ENDM
                 
                 	.MACRO __PUTD2S
                 	STD  Y+@0,R26
                 	STD  Y+@0+1,R27
                 	STD  Y+@0+2,R24
                 	STD  Y+@0+3,R25
                 	.ENDM
                 
                 	.MACRO __PUTDZ2
                 	STD  Z+@0,R26
                 	STD  Z+@0+1,R27
                 	STD  Z+@0+2,R24
                 	STD  Z+@0+3,R25
                 	.ENDM
                 
                 	.MACRO __CLRD1S
                 	STD  Y+@0,R30
                 	STD  Y+@0+1,R30
                 	STD  Y+@0+2,R30
                 	STD  Y+@0+3,R30
                 	.ENDM
                 
                 	.MACRO __POINTB1MN
                 	LDI  R30,LOW(@0+(@1))
                 	.ENDM
                 
                 	.MACRO __POINTW1MN
                 	LDI  R30,LOW(@0+(@1))
                 	LDI  R31,HIGH(@0+(@1))
                 	.ENDM
                 
                 	.MACRO __POINTD1M
                 	LDI  R30,LOW(@0)
                 	LDI  R31,HIGH(@0)
                 	LDI  R22,BYTE3(@0)
                 	LDI  R23,BYTE4(@0)
                 	.ENDM
                 
                 	.MACRO __POINTW1FN
                 	LDI  R30,LOW(2*@0+(@1))
                 	LDI  R31,HIGH(2*@0+(@1))
                 	.ENDM
                 
                 	.MACRO __POINTD1FN
                 	LDI  R30,LOW(2*@0+(@1))
                 	LDI  R31,HIGH(2*@0+(@1))
                 	LDI  R22,BYTE3(2*@0+(@1))
                 	LDI  R23,BYTE4(2*@0+(@1))
                 	.ENDM
                 
                 	.MACRO __POINTB2MN
                 	LDI  R26,LOW(@0+(@1))
                 	.ENDM
                 
                 	.MACRO __POINTW2MN
                 	LDI  R26,LOW(@0+(@1))
                 	LDI  R27,HIGH(@0+(@1))
                 	.ENDM
                 
                 	.MACRO __POINTBRM
                 	LDI  R@0,LOW(@1)
                 	.ENDM
                 
                 	.MACRO __POINTWRM
                 	LDI  R@0,LOW(@2)
                 	LDI  R@1,HIGH(@2)
                 	.ENDM
                 
                 	.MACRO __POINTBRMN
                 	LDI  R@0,LOW(@1+(@2))
                 	.ENDM
                 
                 	.MACRO __POINTWRMN
                 	LDI  R@0,LOW(@2+(@3))
                 	LDI  R@1,HIGH(@2+(@3))
                 	.ENDM
                 
                 	.MACRO __POINTWRFN
                 	LDI  R@0,LOW(@2*2+(@3))
                 	LDI  R@1,HIGH(@2*2+(@3))
                 	.ENDM
                 
                 	.MACRO __GETD1N
                 	LDI  R30,LOW(@0)
                 	LDI  R31,HIGH(@0)
                 	LDI  R22,BYTE3(@0)
                 	LDI  R23,BYTE4(@0)
                 	.ENDM
                 
                 	.MACRO __GETD2N
                 	LDI  R26,LOW(@0)
                 	LDI  R27,HIGH(@0)
                 	LDI  R24,BYTE3(@0)
                 	LDI  R25,BYTE4(@0)
                 	.ENDM
                 
                 	.MACRO __GETB1MN
                 	LDS  R30,@0+(@1)
                 	.ENDM
                 
                 	.MACRO __GETB1HMN
                 	LDS  R31,@0+(@1)
                 	.ENDM
                 
                 	.MACRO __GETW1MN
                 	LDS  R30,@0+(@1)
                 	LDS  R31,@0+(@1)+1
                 	.ENDM
                 
                 	.MACRO __GETD1MN
                 	LDS  R30,@0+(@1)
                 	LDS  R31,@0+(@1)+1
                 	LDS  R22,@0+(@1)+2
                 	LDS  R23,@0+(@1)+3
                 	.ENDM
                 
                 	.MACRO __GETBRMN
                 	LDS  R@0,@1+(@2)
                 	.ENDM
                 
                 	.MACRO __GETWRMN
                 	LDS  R@0,@2+(@3)
                 	LDS  R@1,@2+(@3)+1
                 	.ENDM
                 
                 	.MACRO __GETWRZ
                 	LDD  R@0,Z+@2
                 	LDD  R@1,Z+@2+1
                 	.ENDM
                 
                 	.MACRO __GETD2Z
                 	LDD  R26,Z+@0
                 	LDD  R27,Z+@0+1
                 	LDD  R24,Z+@0+2
                 	LDD  R25,Z+@0+3
                 	.ENDM
                 
                 	.MACRO __GETB2MN
                 	LDS  R26,@0+(@1)
                 	.ENDM
                 
                 	.MACRO __GETW2MN
                 	LDS  R26,@0+(@1)
                 	LDS  R27,@0+(@1)+1
                 	.ENDM
                 
                 	.MACRO __GETD2MN
                 	LDS  R26,@0+(@1)
                 	LDS  R27,@0+(@1)+1
                 	LDS  R24,@0+(@1)+2
                 	LDS  R25,@0+(@1)+3
                 	.ENDM
                 
                 	.MACRO __PUTB1MN
                 	STS  @0+(@1),R30
                 	.ENDM
                 
                 	.MACRO __PUTW1MN
                 	STS  @0+(@1),R30
                 	STS  @0+(@1)+1,R31
                 	.ENDM
                 
                 	.MACRO __PUTD1MN
                 	STS  @0+(@1),R30
                 	STS  @0+(@1)+1,R31
                 	STS  @0+(@1)+2,R22
                 	STS  @0+(@1)+3,R23
                 	.ENDM
                 
                 	.MACRO __PUTB1EN
                 	LDI  R26,LOW(@0+(@1))
                 	LDI  R27,HIGH(@0+(@1))
                 	CALL __EEPROMWRB
                 	.ENDM
                 
                 	.MACRO __PUTW1EN
                 	LDI  R26,LOW(@0+(@1))
                 	LDI  R27,HIGH(@0+(@1))
                 	CALL __EEPROMWRW
                 	.ENDM
                 
                 	.MACRO __PUTD1EN
                 	LDI  R26,LOW(@0+(@1))
                 	LDI  R27,HIGH(@0+(@1))
                 	CALL __EEPROMWRD
                 	.ENDM
                 
                 	.MACRO __PUTBR0MN
                 	STS  @0+(@1),R0
                 	.ENDM
                 
                 	.MACRO __PUTBMRN
                 	STS  @0+(@1),R@2
                 	.ENDM
                 
                 	.MACRO __PUTWMRN
                 	STS  @0+(@1),R@2
                 	STS  @0+(@1)+1,R@3
                 	.ENDM
                 
                 	.MACRO __PUTBZR
                 	STD  Z+@1,R@0
                 	.ENDM
                 
                 	.MACRO __PUTWZR
                 	STD  Z+@2,R@0
                 	STD  Z+@2+1,R@1
                 	.ENDM
                 
                 	.MACRO __GETW1R
                 	MOV  R30,R@0
                 	MOV  R31,R@1
                 	.ENDM
                 
                 	.MACRO __GETW2R
                 	MOV  R26,R@0
                 	MOV  R27,R@1
                 	.ENDM
                 
                 	.MACRO __GETWRN
                 	LDI  R@0,LOW(@2)
                 	LDI  R@1,HIGH(@2)
                 	.ENDM
                 
                 	.MACRO __PUTW1R
                 	MOV  R@0,R30
                 	MOV  R@1,R31
                 	.ENDM
                 
                 	.MACRO __PUTW2R
                 	MOV  R@0,R26
                 	MOV  R@1,R27
                 	.ENDM
                 
                 	.MACRO __ADDWRN
                 	SUBI R@0,LOW(-@2)
                 	SBCI R@1,HIGH(-@2)
                 	.ENDM
                 
                 	.MACRO __ADDWRR
                 	ADD  R@0,R@2
                 	ADC  R@1,R@3
                 	.ENDM
                 
                 	.MACRO __SUBWRN
                 	SUBI R@0,LOW(@2)
                 	SBCI R@1,HIGH(@2)
                 	.ENDM
                 
                 	.MACRO __SUBWRR
                 	SUB  R@0,R@2
                 	SBC  R@1,R@3
                 	.ENDM
                 
                 	.MACRO __ANDWRN
                 	ANDI R@0,LOW(@2)
                 	ANDI R@1,HIGH(@2)
                 	.ENDM
                 
                 	.MACRO __ANDWRR
                 	AND  R@0,R@2
                 	AND  R@1,R@3
                 	.ENDM
                 
                 	.MACRO __ORWRN
                 	ORI  R@0,LOW(@2)
                 	ORI  R@1,HIGH(@2)
                 	.ENDM
                 
                 	.MACRO __ORWRR
                 	OR   R@0,R@2
                 	OR   R@1,R@3
                 	.ENDM
                 
                 	.MACRO __EORWRR
                 	EOR  R@0,R@2
                 	EOR  R@1,R@3
                 	.ENDM
                 
                 	.MACRO __GETWRS
                 	LDD  R@0,Y+@2
                 	LDD  R@1,Y+@2+1
                 	.ENDM
                 
                 	.MACRO __PUTBSR
                 	STD  Y+@1,R@0
                 	.ENDM
                 
                 	.MACRO __PUTWSR
                 	STD  Y+@2,R@0
                 	STD  Y+@2+1,R@1
                 	.ENDM
                 
                 	.MACRO __MOVEWRR
                 	MOV  R@0,R@2
                 	MOV  R@1,R@3
                 	.ENDM
                 
                 	.MACRO __INWR
                 	IN   R@0,@2
                 	IN   R@1,@2+1
                 	.ENDM
                 
                 	.MACRO __OUTWR
                 	OUT  @2+1,R@1
                 	OUT  @2,R@0
                 	.ENDM
                 
                 	.MACRO __CALL1MN
                 	LDS  R30,@0+(@1)
                 	LDS  R31,@0+(@1)+1
                 	ICALL
                 	.ENDM
                 
                 	.MACRO __CALL1FN
                 	LDI  R30,LOW(2*@0+(@1))
                 	LDI  R31,HIGH(2*@0+(@1))
                 	CALL __GETW1PF
                 	ICALL
                 	.ENDM
                 
                 	.MACRO __CALL2EN
                 	LDI  R26,LOW(@0+(@1))
                 	LDI  R27,HIGH(@0+(@1))
                 	CALL __EEPROMRDW
                 	ICALL
                 	.ENDM
                 
                 	.MACRO __GETW1STACK
                 	IN   R26,SPL
                 	IN   R27,SPH
                 	ADIW R26,@0+1
                 	LD   R30,X+
                 	LD   R31,X
                 	.ENDM
                 
                 	.MACRO __GETD1STACK
                 	IN   R26,SPL
                 	IN   R27,SPH
                 	ADIW R26,@0+1
                 	LD   R30,X+
                 	LD   R31,X+
                 	LD   R22,X
                 	.ENDM
                 
                 	.MACRO __NBST
                 	BST  R@0,@1
                 	IN   R30,SREG
                 	LDI  R31,0x40
                 	EOR  R30,R31
                 	OUT  SREG,R30
                 	.ENDM
                 
                 
                 	.MACRO __PUTB1SN
                 	LDD  R26,Y+@0
                 	LDD  R27,Y+@0+1
                 	SUBI R26,LOW(-@1)
                 	SBCI R27,HIGH(-@1)
                 	ST   X,R30
                 	.ENDM
                 
                 	.MACRO __PUTW1SN
                 	LDD  R26,Y+@0
                 	LDD  R27,Y+@0+1
                 	SUBI R26,LOW(-@1)
                 	SBCI R27,HIGH(-@1)
                 	ST   X+,R30
                 	ST   X,R31
                 	.ENDM
                 
                 	.MACRO __PUTD1SN
                 	LDD  R26,Y+@0
                 	LDD  R27,Y+@0+1
                 	SUBI R26,LOW(-@1)
                 	SBCI R27,HIGH(-@1)
                 	CALL __PUTDP1
                 	.ENDM
                 
                 	.MACRO __PUTB1SNS
                 	LDD  R26,Y+@0
                 	LDD  R27,Y+@0+1
                 	ADIW R26,@1
                 	ST   X,R30
                 	.ENDM
                 
                 	.MACRO __PUTW1SNS
                 	LDD  R26,Y+@0
                 	LDD  R27,Y+@0+1
                 	ADIW R26,@1
                 	ST   X+,R30
                 	ST   X,R31
                 	.ENDM
                 
                 	.MACRO __PUTD1SNS
                 	LDD  R26,Y+@0
                 	LDD  R27,Y+@0+1
                 	ADIW R26,@1
                 	CALL __PUTDP1
                 	.ENDM
                 
                 	.MACRO __PUTB1PMN
                 	LDS  R26,@0
                 	LDS  R27,@0+1
                 	SUBI R26,LOW(-@1)
                 	SBCI R27,HIGH(-@1)
                 	ST   X,R30
                 	.ENDM
                 
                 	.MACRO __PUTW1PMN
                 	LDS  R26,@0
                 	LDS  R27,@0+1
                 	SUBI R26,LOW(-@1)
                 	SBCI R27,HIGH(-@1)
                 	ST   X+,R30
                 	ST   X,R31
                 	.ENDM
                 
                 	.MACRO __PUTD1PMN
                 	LDS  R26,@0
                 	LDS  R27,@0+1
                 	SUBI R26,LOW(-@1)
                 	SBCI R27,HIGH(-@1)
                 	CALL __PUTDP1
                 	.ENDM
                 
                 	.MACRO __PUTB1PMNS
                 	LDS  R26,@0
                 	LDS  R27,@0+1
                 	ADIW R26,@1
                 	ST   X,R30
                 	.ENDM
                 
                 	.MACRO __PUTW1PMNS
                 	LDS  R26,@0
                 	LDS  R27,@0+1
                 	ADIW R26,@1
                 	ST   X+,R30
                 	ST   X,R31
                 	.ENDM
                 
                 	.MACRO __PUTD1PMNS
                 	LDS  R26,@0
                 	LDS  R27,@0+1
                 	ADIW R26,@1
                 	CALL __PUTDP1
                 	.ENDM
                 
                 	.MACRO __PUTB1RN
                 	MOVW R26,R@0
                 	SUBI R26,LOW(-@1)
                 	SBCI R27,HIGH(-@1)
                 	ST   X,R30
                 	.ENDM
                 
                 	.MACRO __PUTW1RN
                 	MOVW R26,R@0
                 	SUBI R26,LOW(-@1)
                 	SBCI R27,HIGH(-@1)
                 	ST   X+,R30
                 	ST   X,R31
                 	.ENDM
                 
                 	.MACRO __PUTD1RN
                 	MOVW R26,R@0
                 	SUBI R26,LOW(-@1)
                 	SBCI R27,HIGH(-@1)
                 	CALL __PUTDP1
                 	.ENDM
                 
                 	.MACRO __PUTB1RNS
                 	MOVW R26,R@0
                 	ADIW R26,@1
                 	ST   X,R30
                 	.ENDM
                 
                 	.MACRO __PUTW1RNS
                 	MOVW R26,R@0
                 	ADIW R26,@1
                 	ST   X+,R30
                 	ST   X,R31
                 	.ENDM
                 
                 	.MACRO __PUTD1RNS
                 	MOVW R26,R@0
                 	ADIW R26,@1
                 	CALL __PUTDP1
                 	.ENDM
                 
                 	.MACRO __PUTB1RON
                 	MOV  R26,R@0
                 	MOV  R27,R@1
                 	SUBI R26,LOW(-@2)
                 	SBCI R27,HIGH(-@2)
                 	ST   X,R30
                 	.ENDM
                 
                 	.MACRO __PUTW1RON
                 	MOV  R26,R@0
                 	MOV  R27,R@1
                 	SUBI R26,LOW(-@2)
                 	SBCI R27,HIGH(-@2)
                 	ST   X+,R30
                 	ST   X,R31
                 	.ENDM
                 
                 	.MACRO __PUTD1RON
                 	MOV  R26,R@0
                 	MOV  R27,R@1
                 	SUBI R26,LOW(-@2)
                 	SBCI R27,HIGH(-@2)
                 	CALL __PUTDP1
                 	.ENDM
                 
                 	.MACRO __PUTB1RONS
                 	MOV  R26,R@0
                 	MOV  R27,R@1
                 	ADIW R26,@2
                 	ST   X,R30
                 	.ENDM
                 
                 	.MACRO __PUTW1RONS
                 	MOV  R26,R@0
                 	MOV  R27,R@1
                 	ADIW R26,@2
                 	ST   X+,R30
                 	ST   X,R31
                 	.ENDM
                 
                 	.MACRO __PUTD1RONS
                 	MOV  R26,R@0
                 	MOV  R27,R@1
                 	ADIW R26,@2
                 	CALL __PUTDP1
                 	.ENDM
                 
                 
                 	.MACRO __GETB1SX
                 	MOVW R30,R28
                 	SUBI R30,LOW(-@0)
                 	SBCI R31,HIGH(-@0)
                 	LD   R30,Z
                 	.ENDM
                 
                 	.MACRO __GETB1HSX
                 	MOVW R30,R28
                 	SUBI R30,LOW(-@0)
                 	SBCI R31,HIGH(-@0)
                 	LD   R31,Z
                 	.ENDM
                 
                 	.MACRO __GETW1SX
                 	MOVW R30,R28
                 	SUBI R30,LOW(-@0)
                 	SBCI R31,HIGH(-@0)
                 	LD   R0,Z+
                 	LD   R31,Z
                 	MOV  R30,R0
                 	.ENDM
                 
                 	.MACRO __GETD1SX
                 	MOVW R30,R28
                 	SUBI R30,LOW(-@0)
                 	SBCI R31,HIGH(-@0)
                 	LD   R0,Z+
                 	LD   R1,Z+
                 	LD   R22,Z+
                 	LD   R23,Z
                 	MOVW R30,R0
                 	.ENDM
                 
                 	.MACRO __GETB2SX
                 	MOVW R26,R28
                 	SUBI R26,LOW(-@0)
                 	SBCI R27,HIGH(-@0)
                 	LD   R26,X
                 	.ENDM
                 
                 	.MACRO __GETW2SX
                 	MOVW R26,R28
                 	SUBI R26,LOW(-@0)
                 	SBCI R27,HIGH(-@0)
                 	LD   R0,X+
                 	LD   R27,X
                 	MOV  R26,R0
                 	.ENDM
                 
                 	.MACRO __GETD2SX
                 	MOVW R26,R28
                 	SUBI R26,LOW(-@0)
                 	SBCI R27,HIGH(-@0)
                 	LD   R0,X+
                 	LD   R1,X+
                 	LD   R24,X+
                 	LD   R25,X
                 	MOVW R26,R0
                 	.ENDM
                 
                 	.MACRO __GETBRSX
                 	MOVW R30,R28
                 	SUBI R30,LOW(-@1)
                 	SBCI R31,HIGH(-@1)
                 	LD   R@0,Z
                 	.ENDM
                 
                 	.MACRO __GETWRSX
                 	MOVW R30,R28
                 	SUBI R30,LOW(-@2)
                 	SBCI R31,HIGH(-@2)
                 	LD   R@0,Z+
                 	LD   R@1,Z
                 	.ENDM
                 
                 	.MACRO __GETBRSX2
                 	MOVW R26,R28
                 	SUBI R26,LOW(-@1)
                 	SBCI R27,HIGH(-@1)
                 	LD   R@0,X
                 	.ENDM
                 
                 	.MACRO __GETWRSX2
                 	MOVW R26,R28
                 	SUBI R26,LOW(-@2)
                 	SBCI R27,HIGH(-@2)
                 	LD   R@0,X+
                 	LD   R@1,X
                 	.ENDM
                 
                 	.MACRO __LSLW8SX
                 	MOVW R30,R28
                 	SUBI R30,LOW(-@0)
                 	SBCI R31,HIGH(-@0)
                 	LD   R31,Z
                 	CLR  R30
                 	.ENDM
                 
                 	.MACRO __PUTB1SX
                 	MOVW R26,R28
                 	SUBI R26,LOW(-@0)
                 	SBCI R27,HIGH(-@0)
                 	ST   X,R30
                 	.ENDM
                 
                 	.MACRO __PUTW1SX
                 	MOVW R26,R28
                 	SUBI R26,LOW(-@0)
                 	SBCI R27,HIGH(-@0)
                 	ST   X+,R30
                 	ST   X,R31
                 	.ENDM
                 
                 	.MACRO __PUTD1SX
                 	MOVW R26,R28
                 	SUBI R26,LOW(-@0)
                 	SBCI R27,HIGH(-@0)
                 	ST   X+,R30
                 	ST   X+,R31
                 	ST   X+,R22
                 	ST   X,R23
                 	.ENDM
                 
                 	.MACRO __CLRW1SX
                 	MOVW R26,R28
                 	SUBI R26,LOW(-@0)
                 	SBCI R27,HIGH(-@0)
                 	ST   X+,R30
                 	ST   X,R30
                 	.ENDM
                 
                 	.MACRO __CLRD1SX
                 	MOVW R26,R28
                 	SUBI R26,LOW(-@0)
                 	SBCI R27,HIGH(-@0)
                 	ST   X+,R30
                 	ST   X+,R30
                 	ST   X+,R30
                 	ST   X,R30
                 	.ENDM
                 
                 	.MACRO __PUTB2SX
                 	MOVW R30,R28
                 	SUBI R30,LOW(-@0)
                 	SBCI R31,HIGH(-@0)
                 	ST   Z,R26
                 	.ENDM
                 
                 	.MACRO __PUTW2SX
                 	MOVW R30,R28
                 	SUBI R30,LOW(-@0)
                 	SBCI R31,HIGH(-@0)
                 	ST   Z+,R26
                 	ST   Z,R27
                 	.ENDM
                 
                 	.MACRO __PUTD2SX
                 	MOVW R30,R28
                 	SUBI R30,LOW(-@0)
                 	SBCI R31,HIGH(-@0)
                 	ST   Z+,R26
                 	ST   Z+,R27
                 	ST   Z+,R24
                 	ST   Z,R25
                 	.ENDM
                 
                 	.MACRO __PUTBSRX
                 	MOVW R30,R28
                 	SUBI R30,LOW(-@1)
                 	SBCI R31,HIGH(-@1)
                 	ST   Z,R@0
                 	.ENDM
                 
                 	.MACRO __PUTWSRX
                 	MOVW R30,R28
                 	SUBI R30,LOW(-@2)
                 	SBCI R31,HIGH(-@2)
                 	ST   Z+,R@0
                 	ST   Z,R@1
                 	.ENDM
                 
                 	.MACRO __PUTB1SNX
                 	MOVW R26,R28
                 	SUBI R26,LOW(-@0)
                 	SBCI R27,HIGH(-@0)
                 	LD   R0,X+
                 	LD   R27,X
                 	MOV  R26,R0
                 	SUBI R26,LOW(-@1)
                 	SBCI R27,HIGH(-@1)
                 	ST   X,R30
                 	.ENDM
                 
                 	.MACRO __PUTW1SNX
                 	MOVW R26,R28
                 	SUBI R26,LOW(-@0)
                 	SBCI R27,HIGH(-@0)
                 	LD   R0,X+
                 	LD   R27,X
                 	MOV  R26,R0
                 	SUBI R26,LOW(-@1)
                 	SBCI R27,HIGH(-@1)
                 	ST   X+,R30
                 	ST   X,R31
                 	.ENDM
                 
                 	.MACRO __PUTD1SNX
                 	MOVW R26,R28
                 	SUBI R26,LOW(-@0)
                 	SBCI R27,HIGH(-@0)
                 	LD   R0,X+
                 	LD   R27,X
                 	MOV  R26,R0
                 	SUBI R26,LOW(-@1)
                 	SBCI R27,HIGH(-@1)
                 	ST   X+,R30
                 	ST   X+,R31
                 	ST   X+,R22
                 	ST   X,R23
                 	.ENDM
                 
                 	.MACRO __MULBRR
                 	MULS R@0,R@1
                 	MOVW R30,R0
                 	.ENDM
                 
                 	.MACRO __MULBRRU
                 	MUL  R@0,R@1
                 	MOVW R30,R0
                 	.ENDM
                 
                 	.MACRO __MULBRR0
                 	MULS R@0,R@1
                 	.ENDM
                 
                 	.MACRO __MULBRRU0
                 	MUL  R@0,R@1
                 	.ENDM
                 
                 	.MACRO __MULBNWRU
                 	LDI  R26,@2
                 	MUL  R26,R@0
                 	MOVW R30,R0
                 	MUL  R26,R@1
                 	ADD  R31,R0
                 	.ENDM
                 
                 ;NAME DEFINITIONS FOR GLOBAL VARIABLES ALLOCATED TO REGISTERS
                 	.DEF _rainFall=R3
                 	.DEF _setTimeButton=R5
                 	.DEF __lcd_x=R8
                 	.DEF __lcd_y=R7
                 	.DEF __lcd_maxx=R10
                 
                 ;GPIOR0 INITIALIZATION VALUE
                 	.EQU __GPIOR0_INIT=0x00
                 
                 	.CSEG
                 	.ORG 0x00
                 
                 ;START OF CODE MARKER
                 __START_OF_CODE:
                 
                 ;INTERRUPT VECTORS
000000 940c 00b1 	JMP  __RESET
000002 940c 010e 	JMP  _ext_int0_isr
000004 940c 0000 	JMP  0x00
000006 940c 0000 	JMP  0x00
000008 940c 0000 	JMP  0x00
00000a 940c 0000 	JMP  0x00
00000c 940c 0000 	JMP  0x00
00000e 940c 0000 	JMP  0x00
000010 940c 0000 	JMP  0x00
000012 940c 0000 	JMP  0x00
000014 940c 0000 	JMP  0x00
000016 940c 00e9 	JMP  _timer1_compa_isr
000018 940c 0000 	JMP  0x00
00001a 940c 0000 	JMP  0x00
00001c 940c 0000 	JMP  0x00
00001e 940c 0000 	JMP  0x00
000020 940c 0000 	JMP  0x00
000022 940c 0000 	JMP  0x00
000024 940c 0000 	JMP  0x00
000026 940c 0000 	JMP  0x00
000028 940c 0000 	JMP  0x00
00002a 940c 0000 	JMP  0x00
00002c 940c 0000 	JMP  0x00
00002e 940c 0000 	JMP  0x00
000030 940c 0000 	JMP  0x00
000032 940c 0000 	JMP  0x00
                 
                 _tbl10_G100:
000034 2710
000035 03e8
000036 0064
000037 000a      	.DB  0x10,0x27,0xE8,0x3,0x64,0x0,0xA,0x0
000038 0001      	.DB  0x1,0x0
                 _tbl16_G100:
000039 1000
00003a 0100
00003b 0010
00003c 0001      	.DB  0x0,0x10,0x0,0x1,0x10,0x0,0x1,0x0
                 
                 _0x0:
00003d 6152
00003e 6e69
00003f 6146
000040 6c6c      	.DB  0x52,0x61,0x69,0x6E,0x46,0x61,0x6C,0x6C
000041 203a
000042 6c53
000043 6769
000044 7468      	.DB  0x3A,0x20,0x53,0x6C,0x69,0x67,0x68,0x74
000045 5200
000046 6961
000047 466e
000048 6c61      	.DB  0x0,0x52,0x61,0x69,0x6E,0x46,0x61,0x6C
000049 3a6c
00004a 4d20
00004b 6465
00004c 7569      	.DB  0x6C,0x3A,0x20,0x4D,0x65,0x64,0x69,0x75
00004d 006d
00004e 6152
00004f 6e69
000050 6146      	.DB  0x6D,0x0,0x52,0x61,0x69,0x6E,0x46,0x61
000051 6c6c
000052 203a
000053 6548
000054 7661      	.DB  0x6C,0x6C,0x3A,0x20,0x48,0x65,0x61,0x76
000055 0079
000056 6854
000057 7265
000058 2765      	.DB  0x79,0x0,0x54,0x68,0x65,0x72,0x65,0x27
000059 2073
00005a 6f6e
00005b 7220
00005c 6961      	.DB  0x73,0x20,0x6E,0x6F,0x20,0x72,0x61,0x69
00005d 006e
00005e 6157
00005f 6873
000060 7265      	.DB  0x6E,0x0,0x57,0x61,0x73,0x68,0x65,0x72
000061 6e69
000062 0067
000063 6f4d
000064 6564      	.DB  0x69,0x6E,0x67,0x0,0x4D,0x6F,0x64,0x65
000065 203a
000066 6968
000067 6867
000068 4d00      	.DB  0x3A,0x20,0x68,0x69,0x67,0x68,0x0,0x4D
000069 646f
00006a 3a65
00006b 7320
00006c 6f6c      	.DB  0x6F,0x64,0x65,0x3A,0x20,0x73,0x6C,0x6F
00006d 0077
00006e 6f4d
00006f 6564
000070 203a      	.DB  0x77,0x0,0x4D,0x6F,0x64,0x65,0x3A,0x20
000071 6e49
000072 6574
000073 7272
000074 7075      	.DB  0x49,0x6E,0x74,0x65,0x72,0x72,0x75,0x70
000075 0074
000076 6550
000077 6972
000078 646f      	.DB  0x74,0x0,0x50,0x65,0x72,0x69,0x6F,0x64
000079 203a
00007a 2b00
00007b 2b00
00007c 002b      	.DB  0x3A,0x20,0x0,0x2B,0x0,0x2B,0x2B,0x0
00007d 2b2b
00007e 002b
00007f 6f4d
000080 6564      	.DB  0x2B,0x2B,0x2B,0x0,0x4D,0x6F,0x64,0x65
000081 203a
000082 7541
000083 6f74
E:\Windscreen wiper\code\List\wiperCode.asm(1128): warning: .cseg .db misalignment - padding zero byte
000084 0000      	.DB  0x3A,0x20,0x41,0x75,0x74,0x6F,0x0
                 _0x2020003:
000085 c080      	.DB  0x80,0xC0
                 
                 __GLOBAL_INI_TBL:
000086 0011      	.DW  0x11
000087 0300      	.DW  _0xD
000088 007a      	.DW  _0x0*2
                 
000089 0011      	.DW  0x11
00008a 0311      	.DW  _0xD+17
00008b 008b      	.DW  _0x0*2+17
                 
00008c 0010      	.DW  0x10
00008d 0322      	.DW  _0xD+34
00008e 009c      	.DW  _0x0*2+34
                 
00008f 0010      	.DW  0x10
000090 0332      	.DW  _0xD+50
000091 00ac      	.DW  _0x0*2+50
                 
000092 000a      	.DW  0x0A
000093 0342      	.DW  _0x15
000094 00bc      	.DW  _0x0*2+66
                 
000095 000b      	.DW  0x0B
000096 034c      	.DW  _0x1B
000097 00c6      	.DW  _0x0*2+76
                 
000098 000b      	.DW  0x0B
000099 0357      	.DW  _0x1F
00009a 00d1      	.DW  _0x0*2+87
                 
00009b 0010      	.DW  0x10
00009c 0362      	.DW  _0x23
00009d 00dc      	.DW  _0x0*2+98
                 
00009e 0009      	.DW  0x09
00009f 0372      	.DW  _0x23+16
0000a0 00ec      	.DW  _0x0*2+114
                 
0000a1 0002      	.DW  0x02
0000a2 037b      	.DW  _0x23+25
0000a3 00f5      	.DW  _0x0*2+123
                 
0000a4 0003      	.DW  0x03
0000a5 037d      	.DW  _0x23+27
0000a6 00f7      	.DW  _0x0*2+125
                 
0000a7 0004      	.DW  0x04
0000a8 0380      	.DW  _0x23+30
0000a9 00fa      	.DW  _0x0*2+128
                 
0000aa 000b      	.DW  0x0B
0000ab 0384      	.DW  _0x2C
0000ac 00fe      	.DW  _0x0*2+132
                 
0000ad 0002      	.DW  0x02
0000ae 038f      	.DW  __base_y_G101
0000af 010a      	.DW  _0x2020003*2
                 
                 _0xFFFFFFFF:
0000b0 0000      	.DW  0
                 
                 __RESET:
0000b1 94f8      	CLI
0000b2 27ee      	CLR  R30
0000b3 bbef      	OUT  EECR,R30
                 
                 ;INTERRUPT VECTORS ARE PLACED
                 ;AT THE START OF FLASH
0000b4 e0f1      	LDI  R31,1
0000b5 bff5      	OUT  MCUCR,R31
0000b6 bfe5      	OUT  MCUCR,R30
                 
                 ;DISABLE WATCHDOG
0000b7 e1f8      	LDI  R31,0x18
0000b8 95a8      	WDR
0000b9 b7a4      	IN   R26,MCUSR
0000ba 7fa7      	CBR  R26,8
0000bb bfa4      	OUT  MCUSR,R26
0000bc 93f0 0060 	STS  WDTCSR,R31
0000be 93e0 0060 	STS  WDTCSR,R30
                 
                 ;CLEAR R2-R14
0000c0 e08d      	LDI  R24,(14-2)+1
0000c1 e0a2      	LDI  R26,2
0000c2 27bb      	CLR  R27
                 __CLEAR_REG:
0000c3 93ed      	ST   X+,R30
0000c4 958a      	DEC  R24
0000c5 f7e9      	BRNE __CLEAR_REG
                 
                 ;CLEAR SRAM
0000c6 e080      	LDI  R24,LOW(__CLEAR_SRAM_SIZE)
0000c7 e098      	LDI  R25,HIGH(__CLEAR_SRAM_SIZE)
0000c8 e0a0      	LDI  R26,LOW(__SRAM_START)
0000c9 e0b1      	LDI  R27,HIGH(__SRAM_START)
                 __CLEAR_SRAM:
0000ca 93ed      	ST   X+,R30
0000cb 9701      	SBIW R24,1
0000cc f7e9      	BRNE __CLEAR_SRAM
                 
                 ;GLOBAL VARIABLES INITIALIZATION
0000cd e0ec      	LDI  R30,LOW(__GLOBAL_INI_TBL*2)
0000ce e0f1      	LDI  R31,HIGH(__GLOBAL_INI_TBL*2)
                 __GLOBAL_INI_NEXT:
0000cf 9185      	LPM  R24,Z+
0000d0 9195      	LPM  R25,Z+
0000d1 9700      	SBIW R24,0
0000d2 f061      	BREQ __GLOBAL_INI_END
0000d3 91a5      	LPM  R26,Z+
0000d4 91b5      	LPM  R27,Z+
0000d5 9005      	LPM  R0,Z+
0000d6 9015      	LPM  R1,Z+
0000d7 01bf      	MOVW R22,R30
0000d8 01f0      	MOVW R30,R0
                 __GLOBAL_INI_LOOP:
0000d9 9005      	LPM  R0,Z+
0000da 920d      	ST   X+,R0
0000db 9701      	SBIW R24,1
0000dc f7e1      	BRNE __GLOBAL_INI_LOOP
0000dd 01fb      	MOVW R30,R22
0000de cff0      	RJMP __GLOBAL_INI_NEXT
                 __GLOBAL_INI_END:
                 
                 ;GPIOR0 INITIALIZATION
0000df e0e0      	LDI  R30,__GPIOR0_INIT
0000e0 bbee      	OUT  GPIOR0,R30
                 
                 ;HARDWARE STACK POINTER INITIALIZATION
0000e1 efef      	LDI  R30,LOW(__SRAM_END-__HEAP_SIZE)
0000e2 bfed      	OUT  SPL,R30
0000e3 e0e8      	LDI  R30,HIGH(__SRAM_END-__HEAP_SIZE)
0000e4 bfee      	OUT  SPH,R30
                 
                 ;DATA STACK POINTER INITIALIZATION
0000e5 e0c0      	LDI  R28,LOW(__SRAM_START+__DSTACK_SIZE)
0000e6 e0d3      	LDI  R29,HIGH(__SRAM_START+__DSTACK_SIZE)
                 
0000e7 940c 021c 	JMP  _main
                 
                 	.ESEG
                 	.ORG 0
                 
                 	.DSEG
                 	.ORG 0x300
                 
                 	.CSEG
                 ;#include <mega328p.h>
                 	#ifndef __SLEEP_DEFINED__
                 	#define __SLEEP_DEFINED__
                 	.EQU __se_bit=0x01
                 	.EQU __sm_mask=0x0E
                 	.EQU __sm_adc_noise_red=0x02
                 	.EQU __sm_powerdown=0x04
                 	.EQU __sm_powersave=0x06
                 	.EQU __sm_standby=0x0C
                 	.EQU __sm_ext_standby=0x0E
                 	.SET power_ctrl_reg=smcr
                 	#endif
                 ;#include <stdio.h>
                 ;#include <delay.h>
                 ;#include <alcd.h>
                 ;
                 ;#define ADC_VREF_TYPE 0x40
                 ;#define noH 0b00000000
                 ;#define noL 0b00000000
                 ;#define slowH 0b11110100
                 ;#define slowL 0b00011011
                 ;#define medH 0b10011000
                 ;#define medL 0b10010110
                 ;#define fastH 0b00111101
                 ;#define fastL 0b00001001
                 ;#define hiSw PINC.1
                 ;#define loSw PINC.2
                 ;#define intSw PINC.3
                 ;#define autoSw PINC.4
                 ;#define wasSw PINC.5
                 ;#define On 0
                 ;#define Off 1
                 ;
                 ;
                 ;unsigned int rainFall, setTimeButton;
                 ;
                 ;// Timer1 is used to delay, wipe fast or low is depended on OCR1A.
                 ;interrupt [TIM1_COMPA] void timer1_compa_isr(void)
                 ; 0000 001C {
                 
                 	.CSEG
                 _timer1_compa_isr:
0000e9 920a      	ST   -Y,R0
0000ea 921a      	ST   -Y,R1
0000eb 92fa      	ST   -Y,R15
0000ec 936a      	ST   -Y,R22
0000ed 937a      	ST   -Y,R23
0000ee 938a      	ST   -Y,R24
0000ef 939a      	ST   -Y,R25
0000f0 93aa      	ST   -Y,R26
0000f1 93ba      	ST   -Y,R27
0000f2 93ea      	ST   -Y,R30
0000f3 93fa      	ST   -Y,R31
0000f4 b7ef      	IN   R30,SREG
0000f5 93ea      	ST   -Y,R30
                 ; 0000 001D     if(wasSw == On)
0000f6 9b35      	SBIS 0x6,5
                 ; 0000 001E     {
                 ; 0000 001F         PORTD.0 = 1; //Water Jet Motor is actived
0000f7 9a58      	SBI  0xB,0
                 ; 0000 0020     }
                 ; 0000 0021     OCR0B = 10;
0000f8 e0ea      	LDI  R30,LOW(10)
0000f9 bde8      	OUT  0x28,R30
                 ; 0000 0022     delay_ms(2000);
0000fa ede0      	LDI  R30,LOW(2000)
0000fb e0f7      	LDI  R31,HIGH(2000)
0000fc 940e 032d 	CALL SUBOPT_0x0
                 ; 0000 0023     OCR0B = 5;
0000fe e0e5      	LDI  R30,LOW(5)
0000ff bde8      	OUT  0x28,R30
                 ; 0000 0024 }
000100 91e9      	LD   R30,Y+
000101 bfef      	OUT  SREG,R30
000102 91f9      	LD   R31,Y+
000103 91e9      	LD   R30,Y+
000104 91b9      	LD   R27,Y+
000105 91a9      	LD   R26,Y+
000106 9199      	LD   R25,Y+
000107 9189      	LD   R24,Y+
000108 9179      	LD   R23,Y+
000109 9169      	LD   R22,Y+
00010a 90f9      	LD   R15,Y+
00010b 9019      	LD   R1,Y+
00010c 9009      	LD   R0,Y+
00010d 9518      	RETI
                 ;
                 ;// Set time for interrupt mode
                 ;interrupt [EXT_INT0] void ext_int0_isr(void)
                 ; 0000 0028 {
                 _ext_int0_isr:
00010e 93ea      	ST   -Y,R30
00010f 93fa      	ST   -Y,R31
000110 b7ef      	IN   R30,SREG
000111 93ea      	ST   -Y,R30
                 ; 0000 0029     setTimeButton++;
000112 e0e1      	LDI  R30,LOW(1)
000113 e0f0      	LDI  R31,HIGH(1)
                +
000114 0e5e     +ADD R5 , R30
000115 1e6f     +ADC R6 , R31
                 	__ADDWRR 5,6,30,31
                 ; 0000 002A     if(setTimeButton == 3)
000116 e0e3      	LDI  R30,LOW(3)
000117 e0f0      	LDI  R31,HIGH(3)
000118 15e5      	CP   R30,R5
000119 05f6      	CPC  R31,R6
00011a f411      	BRNE _0x6
                 ; 0000 002B     {
                 ; 0000 002C         setTimeButton = 0;
00011b 2455      	CLR  R5
00011c 2466      	CLR  R6
                 ; 0000 002D     }
                 ; 0000 002E }
                 _0x6:
00011d 91e9      	LD   R30,Y+
00011e bfef      	OUT  SREG,R30
00011f 91f9      	LD   R31,Y+
000120 91e9      	LD   R30,Y+
000121 9518      	RETI
                 ;
                 ;// Read Rain Sensor
                 ;unsigned int read_adc(unsigned char adc_input)
                 ; 0000 0032 {
                 _read_adc:
                 ; 0000 0033 ADMUX=adc_input | (ADC_VREF_TYPE & 0xff);
                 ;	adc_input -> Y+0
000122 81e8      	LD   R30,Y
000123 64e0      	ORI  R30,0x40
000124 93e0 007c 	STS  124,R30
                 ; 0000 0034 // Delay needed for the stabilization of the ADC input voltage
                 ; 0000 0035 delay_us(10);
                +
000126 e083     +LDI R24 , LOW ( 3 )
                +__DELAY_USB_LOOP :
000127 958a     +DEC R24
000128 f7f1     +BRNE __DELAY_USB_LOOP
                 	__DELAY_USB 3
                 ; 0000 0036 // Start the AD conversion
                 ; 0000 0037 ADCSRA|=0x40;
000129 91e0 007a 	LDS  R30,122
00012b 64e0      	ORI  R30,0x40
00012c 93e0 007a 	STS  122,R30
                 ; 0000 0038 // Wait for the AD conversion to complete
                 ; 0000 0039 while ((ADCSRA & 0x10)==0);
                 _0x7:
00012e 91e0 007a 	LDS  R30,122
000130 71e0      	ANDI R30,LOW(0x10)
000131 f3e1      	BREQ _0x7
                 ; 0000 003A ADCSRA|=0x10;
000132 91e0 007a 	LDS  R30,122
000134 61e0      	ORI  R30,0x10
000135 93e0 007a 	STS  122,R30
                 ; 0000 003B return ADCW;
000137 91e0 0078 	LDS  R30,120
000139 91f0 0079 	LDS  R31,120+1
00013b 940c 032b 	JMP  _0x2080001
                 ; 0000 003C }
                 ;
                 ;void thongBaoLCD(unsigned int x)
                 ; 0000 003F {
                 _thongBaoLCD:
                 ; 0000 0040     if(x > 10 && x < 350)
                 ;	x -> Y+0
00013d 81a8      	LD   R26,Y
00013e 81b9      	LDD  R27,Y+1
00013f 971b      	SBIW R26,11
000140 f030      	BRLO _0xB
000141 81a8      	LD   R26,Y
000142 81b9      	LDD  R27,Y+1
000143 35ae      	CPI  R26,LOW(0x15E)
000144 e0e1      	LDI  R30,HIGH(0x15E)
000145 07be      	CPC  R27,R30
000146 f008      	BRLO _0xC
                 _0xB:
000147 c003      	RJMP _0xA
                 _0xC:
                 ; 0000 0041     {
                 ; 0000 0042         lcd_puts("RainFall: Slight");
                +
000148 e0e0     +LDI R30 , LOW ( _0xD + ( 0 ) )
000149 e0f3     +LDI R31 , HIGH ( _0xD + ( 0 ) )
                 	__POINTW1MN _0xD,0
00014a c019      	RJMP _0x5E
                 ; 0000 0043     }
                 ; 0000 0044     else if(x >= 350 && x < 700)
                 _0xA:
00014b 81a8      	LD   R26,Y
00014c 81b9      	LDD  R27,Y+1
00014d 35ae      	CPI  R26,LOW(0x15E)
00014e e0e1      	LDI  R30,HIGH(0x15E)
00014f 07be      	CPC  R27,R30
000150 f020      	BRLO _0x10
000151 3bac      	CPI  R26,LOW(0x2BC)
000152 e0e2      	LDI  R30,HIGH(0x2BC)
000153 07be      	CPC  R27,R30
000154 f008      	BRLO _0x11
                 _0x10:
000155 c003      	RJMP _0xF
                 _0x11:
                 ; 0000 0045     {
                 ; 0000 0046         lcd_puts("RainFall: Medium");
                +
000156 e1e1     +LDI R30 , LOW ( _0xD + ( 17 ) )
000157 e0f3     +LDI R31 , HIGH ( _0xD + ( 17 ) )
                 	__POINTW1MN _0xD,17
000158 c00b      	RJMP _0x5E
                 ; 0000 0047     }
                 ; 0000 0048     else if(x >= 700)
                 _0xF:
000159 81a8      	LD   R26,Y
00015a 81b9      	LDD  R27,Y+1
00015b 3bac      	CPI  R26,LOW(0x2BC)
00015c e0e2      	LDI  R30,HIGH(0x2BC)
00015d 07be      	CPC  R27,R30
00015e f018      	BRLO _0x13
                 ; 0000 0049     {
                 ; 0000 004A         lcd_puts("RainFall: Heavy");
                +
00015f e2e2     +LDI R30 , LOW ( _0xD + ( 34 ) )
000160 e0f3     +LDI R31 , HIGH ( _0xD + ( 34 ) )
                 	__POINTW1MN _0xD,34
000161 c002      	RJMP _0x5E
                 ; 0000 004B     }
                 ; 0000 004C     else
                 _0x13:
                 ; 0000 004D     {
                 ; 0000 004E         lcd_puts("There's no rain");
                +
000162 e3e2     +LDI R30 , LOW ( _0xD + ( 50 ) )
000163 e0f3     +LDI R31 , HIGH ( _0xD + ( 50 ) )
                 	__POINTW1MN _0xD,50
                 _0x5E:
000164 93fa      	ST   -Y,R31
000165 93ea      	ST   -Y,R30
000166 940e 02ec 	CALL _lcd_puts
                 ; 0000 004F     }
                 ; 0000 0050 }
000168 940c 02c8 	JMP  _0x2080002
                 
                 	.DSEG
                 _0xD:
000300           	.BYTE 0x42
                 ;
                 ;void washer()
                 ; 0000 0053 {
                 
                 	.CSEG
                 _washer:
                 ; 0000 0054     lcd_gotoxy(0,0);
00016a 940e 0331 	CALL SUBOPT_0x1
                 ; 0000 0055     lcd_puts("Washering");
                +
00016c e4e2     +LDI R30 , LOW ( _0x15 + ( 0 ) )
00016d e0f3     +LDI R31 , HIGH ( _0x15 + ( 0 ) )
                 	__POINTW1MN _0x15,0
00016e 940e 0336 	CALL SUBOPT_0x2
                 ; 0000 0056     PORTD.0 = 0;
000170 9858      	CBI  0xB,0
                 ; 0000 0057     TIMSK1 = 0b00000010;
000171 940e 033a 	CALL SUBOPT_0x3
                 ; 0000 0058     OCR1AH = fastH;
                 ; 0000 0059     OCR1AL = fastL;
000173 c01c      	RJMP _0x2080003
                 ; 0000 005A }
                 
                 	.DSEG
                 _0x15:
000342           	.BYTE 0xA
                 ;
                 ;void modeHigh()
                 ; 0000 005D {
                 
                 	.CSEG
                 _modeHigh:
                 ; 0000 005E     lcd_clear();
000174 940e 0342 	CALL SUBOPT_0x4
                 ; 0000 005F     lcd_gotoxy(0,0);
                 ; 0000 0060     while(wasSw == On)
                 _0x18:
000176 9935      	SBIC 0x6,5
000177 c002      	RJMP _0x1A
                 ; 0000 0061     {
                 ; 0000 0062         washer();
000178 dff1      	RCALL _washer
                 ; 0000 0063     }
000179 cffc      	RJMP _0x18
                 _0x1A:
                 ; 0000 0064     lcd_puts("Mode: high");
                +
00017a e4ec     +LDI R30 , LOW ( _0x1B + ( 0 ) )
00017b e0f3     +LDI R31 , HIGH ( _0x1B + ( 0 ) )
                 	__POINTW1MN _0x1B,0
00017c 940e 0336 	CALL SUBOPT_0x2
                 ; 0000 0065     TIMSK1 = 0b00000010;
00017e 940e 033a 	CALL SUBOPT_0x3
                 ; 0000 0066     OCR1AH = fastH;
                 ; 0000 0067     OCR1AL = fastL;
000180 c00f      	RJMP _0x2080003
                 ; 0000 0068 }
                 
                 	.DSEG
                 _0x1B:
00034c           	.BYTE 0xB
                 ;
                 ;void modeLow()
                 ; 0000 006B {
                 
                 	.CSEG
                 _modeLow:
                 ; 0000 006C     lcd_clear();
000181 940e 0342 	CALL SUBOPT_0x4
                 ; 0000 006D     lcd_gotoxy(0,0);
                 ; 0000 006E     while(wasSw == On)
                 _0x1C:
000183 9935      	SBIC 0x6,5
000184 c002      	RJMP _0x1E
                 ; 0000 006F     {
                 ; 0000 0070         washer();
000185 dfe4      	RCALL _washer
                 ; 0000 0071     }
000186 cffc      	RJMP _0x1C
                 _0x1E:
                 ; 0000 0072     lcd_puts("Mode: slow");
                +
000187 e5e7     +LDI R30 , LOW ( _0x1F + ( 0 ) )
000188 e0f3     +LDI R31 , HIGH ( _0x1F + ( 0 ) )
                 	__POINTW1MN _0x1F,0
000189 940e 0336 	CALL SUBOPT_0x2
                 ; 0000 0073     TIMSK1 = 0b00000010;
00018b e0e2      	LDI  R30,LOW(2)
00018c 93e0 006f 	STS  111,R30
                 ; 0000 0074     OCR1AH = slowH;
00018e 940e 0345 	CALL SUBOPT_0x5
                 ; 0000 0075     OCR1AL = slowL;
                 _0x2080003:
000190 93e0 0088 	STS  136,R30
                 ; 0000 0076 }
000192 9508      	RET
                 
                 	.DSEG
                 _0x1F:
000357           	.BYTE 0xB
                 ;
                 ;void modeInterrupt()
                 ; 0000 0079 {
                 
                 	.CSEG
                 _modeInterrupt:
                 ; 0000 007A     lcd_clear();
000193 940e 0342 	CALL SUBOPT_0x4
                 ; 0000 007B     lcd_gotoxy(0,0);
                 ; 0000 007C     while(wasSw == On)
                 _0x20:
000195 9935      	SBIC 0x6,5
000196 c002      	RJMP _0x22
                 ; 0000 007D     {
                 ; 0000 007E         washer();
000197 dfd2      	RCALL _washer
                 ; 0000 007F     }
000198 cffc      	RJMP _0x20
                 _0x22:
                 ; 0000 0080     lcd_puts("Mode: Interrupt");
                +
000199 e6e2     +LDI R30 , LOW ( _0x23 + ( 0 ) )
00019a e0f3     +LDI R31 , HIGH ( _0x23 + ( 0 ) )
                 	__POINTW1MN _0x23,0
00019b 940e 0336 	CALL SUBOPT_0x2
                 ; 0000 0081     lcd_gotoxy(0,1);
00019d 940e 034a 	CALL SUBOPT_0x6
                 ; 0000 0082     lcd_puts("Period: ");
                +
00019f e7e2     +LDI R30 , LOW ( _0x23 + ( 16 ) )
0001a0 e0f3     +LDI R31 , HIGH ( _0x23 + ( 16 ) )
                 	__POINTW1MN _0x23,16
0001a1 940e 0336 	CALL SUBOPT_0x2
                 ; 0000 0083     TIMSK1 = 0b00000010;
0001a3 e0e2      	LDI  R30,LOW(2)
0001a4 93e0 006f 	STS  111,R30
                 ; 0000 0084     if(setTimeButton == 0)
0001a6 2c05      	MOV  R0,R5
0001a7 2806      	OR   R0,R6
0001a8 f439      	BRNE _0x24
                 ; 0000 0085     {
                 ; 0000 0086         lcd_puts("+");
                +
0001a9 e7eb     +LDI R30 , LOW ( _0x23 + ( 25 ) )
0001aa e0f3     +LDI R31 , HIGH ( _0x23 + ( 25 ) )
                 	__POINTW1MN _0x23,25
0001ab 940e 0336 	CALL SUBOPT_0x2
                 ; 0000 0087         OCR1AH = slowH;
0001ad 940e 0345 	CALL SUBOPT_0x5
                 ; 0000 0088         OCR1AL = slowL;
0001af c01b      	RJMP _0x5F
                 ; 0000 0089     }
                 ; 0000 008A     else if(setTimeButton == 1)
                 _0x24:
0001b0 e0e1      	LDI  R30,LOW(1)
0001b1 e0f0      	LDI  R31,HIGH(1)
0001b2 15e5      	CP   R30,R5
0001b3 05f6      	CPC  R31,R6
0001b4 f449      	BRNE _0x26
                 ; 0000 008B     {
                 ; 0000 008C         lcd_puts("++");
                +
0001b5 e7ed     +LDI R30 , LOW ( _0x23 + ( 27 ) )
0001b6 e0f3     +LDI R31 , HIGH ( _0x23 + ( 27 ) )
                 	__POINTW1MN _0x23,27
0001b7 940e 0336 	CALL SUBOPT_0x2
                 ; 0000 008D         OCR1AH = medH;
0001b9 e9e8      	LDI  R30,LOW(152)
0001ba 93e0 0089 	STS  137,R30
                 ; 0000 008E         OCR1AL = medL;
0001bc e9e6      	LDI  R30,LOW(150)
0001bd c00d      	RJMP _0x5F
                 ; 0000 008F     }
                 ; 0000 0090     else if(setTimeButton == 2)
                 _0x26:
0001be e0e2      	LDI  R30,LOW(2)
0001bf e0f0      	LDI  R31,HIGH(2)
0001c0 15e5      	CP   R30,R5
0001c1 05f6      	CPC  R31,R6
0001c2 f451      	BRNE _0x28
                 ; 0000 0091     {
                 ; 0000 0092         lcd_puts("+++");
                +
0001c3 e8e0     +LDI R30 , LOW ( _0x23 + ( 30 ) )
0001c4 e0f3     +LDI R31 , HIGH ( _0x23 + ( 30 ) )
                 	__POINTW1MN _0x23,30
0001c5 940e 0336 	CALL SUBOPT_0x2
                 ; 0000 0093         OCR1AH = fastH;
0001c7 e3ed      	LDI  R30,LOW(61)
0001c8 93e0 0089 	STS  137,R30
                 ; 0000 0094         OCR1AL = fastL;
0001ca e0e9      	LDI  R30,LOW(9)
                 _0x5F:
0001cb 93e0 0088 	STS  136,R30
                 ; 0000 0095     }
                 ; 0000 0096 }
                 _0x28:
0001cd 9508      	RET
                 
                 	.DSEG
                 _0x23:
000362           	.BYTE 0x22
                 ;
                 ;void modeAuto()
                 ; 0000 0099 {
                 
                 	.CSEG
                 _modeAuto:
                 ; 0000 009A     lcd_clear();
0001ce 940e 0342 	CALL SUBOPT_0x4
                 ; 0000 009B     lcd_gotoxy(0,0);
                 ; 0000 009C     while(wasSw == On)
                 _0x29:
0001d0 9935      	SBIC 0x6,5
0001d1 c002      	RJMP _0x2B
                 ; 0000 009D     {
                 ; 0000 009E         washer();
0001d2 df97      	RCALL _washer
                 ; 0000 009F     }
0001d3 cffc      	RJMP _0x29
                 _0x2B:
                 ; 0000 00A0     lcd_puts("Mode: Auto");
                +
0001d4 e8e4     +LDI R30 , LOW ( _0x2C + ( 0 ) )
0001d5 e0f3     +LDI R31 , HIGH ( _0x2C + ( 0 ) )
                 	__POINTW1MN _0x2C,0
0001d6 940e 0336 	CALL SUBOPT_0x2
                 ; 0000 00A1     rainFall = read_adc(0);
0001d8 e0e0      	LDI  R30,LOW(0)
0001d9 93ea      	ST   -Y,R30
0001da df47      	RCALL _read_adc
                +
0001db 2e3e     +MOV R3 , R30
0001dc 2e4f     +MOV R4 , R31
                 	__PUTW1R 3,4
                 ; 0000 00A2     lcd_gotoxy(0,1);
0001dd 940e 034a 	CALL SUBOPT_0x6
                 ; 0000 00A3     thongBaoLCD(rainFall);
0001df 924a      	ST   -Y,R4
0001e0 923a      	ST   -Y,R3
0001e1 df5b      	RCALL _thongBaoLCD
                 ; 0000 00A4     //Allow interrup
                 ; 0000 00A5     if(rainFall > 10) //When rain sensor receive rain sginal -> allow interrupt
0001e2 e0ea      	LDI  R30,LOW(10)
0001e3 e0f0      	LDI  R31,HIGH(10)
0001e4 15e3      	CP   R30,R3
0001e5 05f4      	CPC  R31,R4
0001e6 f410      	BRSH _0x2D
                 ; 0000 00A6     {
                 ; 0000 00A7         TIMSK1 = 0b00000010;
0001e7 e0e2      	LDI  R30,LOW(2)
0001e8 c001      	RJMP _0x60
                 ; 0000 00A8     }
                 ; 0000 00A9     else //When there is no rain -> no interrupt -> Servo does not operate
                 _0x2D:
                 ; 0000 00AA     {
                 ; 0000 00AB         TIMSK1 = 0b00000000;
0001e9 e0e0      	LDI  R30,LOW(0)
                 _0x60:
0001ea 93e0 006f 	STS  111,R30
                 ; 0000 00AC     }
                 ; 0000 00AD 
                 ; 0000 00AE     //Delay depend on ADC using Timer1
                 ; 0000 00AF     if(rainFall > 10 && rainFall < 350) // Slight
0001ec e0ea      	LDI  R30,LOW(10)
0001ed e0f0      	LDI  R31,HIGH(10)
0001ee 15e3      	CP   R30,R3
0001ef 05f4      	CPC  R31,R4
0001f0 f428      	BRSH _0x30
0001f1 e5ee      	LDI  R30,LOW(350)
0001f2 e0f1      	LDI  R31,HIGH(350)
0001f3 163e      	CP   R3,R30
0001f4 064f      	CPC  R4,R31
0001f5 f008      	BRLO _0x31
                 _0x30:
0001f6 c003      	RJMP _0x2F
                 _0x31:
                 ; 0000 00B0     {
                 ; 0000 00B1         OCR1AH = slowH;
0001f7 940e 0345 	CALL SUBOPT_0x5
                 ; 0000 00B2         OCR1AL = slowL;
0001f9 c019      	RJMP _0x61
                 ; 0000 00B3     }
                 ; 0000 00B4     else if(rainFall >= 350 && rainFall < 700) // Medium
                 _0x2F:
0001fa e5ee      	LDI  R30,LOW(350)
0001fb e0f1      	LDI  R31,HIGH(350)
0001fc 163e      	CP   R3,R30
0001fd 064f      	CPC  R4,R31
0001fe f028      	BRLO _0x34
0001ff ebec      	LDI  R30,LOW(700)
000200 e0f2      	LDI  R31,HIGH(700)
000201 163e      	CP   R3,R30
000202 064f      	CPC  R4,R31
000203 f008      	BRLO _0x35
                 _0x34:
000204 c005      	RJMP _0x33
                 _0x35:
                 ; 0000 00B5     {
                 ; 0000 00B6         OCR1AH = medH;
000205 e9e8      	LDI  R30,LOW(152)
000206 93e0 0089 	STS  137,R30
                 ; 0000 00B7         OCR1AL = medL;
000208 e9e6      	LDI  R30,LOW(150)
000209 c009      	RJMP _0x61
                 ; 0000 00B8     }
                 ; 0000 00B9     else if(rainFall >= 700) // Heavy
                 _0x33:
00020a ebec      	LDI  R30,LOW(700)
00020b e0f2      	LDI  R31,HIGH(700)
00020c 163e      	CP   R3,R30
00020d 064f      	CPC  R4,R31
00020e f030      	BRLO _0x37
                 ; 0000 00BA     {
                 ; 0000 00BB         OCR1AH = fastH;
00020f e3ed      	LDI  R30,LOW(61)
000210 93e0 0089 	STS  137,R30
                 ; 0000 00BC         OCR1AL = fastL;
000212 e0e9      	LDI  R30,LOW(9)
                 _0x61:
000213 93e0 0088 	STS  136,R30
                 ; 0000 00BD     }
                 ; 0000 00BE }
                 _0x37:
000215 9508      	RET
                 
                 	.DSEG
                 _0x2C:
000384           	.BYTE 0xB
                 ;
                 ;void off()
                 ; 0000 00C1 {
                 
                 	.CSEG
                 _off:
                 ; 0000 00C2     TIMSK1 = 0b00000000;
000216 e0e0      	LDI  R30,LOW(0)
000217 93e0 006f 	STS  111,R30
                 ; 0000 00C3     lcd_clear();
000219 940e 0342 	CALL SUBOPT_0x4
                 ; 0000 00C4     lcd_gotoxy(0,0);
                 ; 0000 00C5 }
00021b 9508      	RET
                 ;
                 ;void main(void)
                 ; 0000 00C8 {
                 _main:
                 ; 0000 00C9 
                 ; 0000 00CA // Timer/Counter 0 initialization
                 ; 0000 00CB // Mode: fastPWM (Top is OCR0A)
                 ; 0000 00CC // Prescaler: 1024
                 ; 0000 00CD TCCR0A=0b00100011;
00021c e2e3      	LDI  R30,LOW(35)
00021d bde4      	OUT  0x24,R30
                 ; 0000 00CE TCCR0B=0b00001101;
00021e e0ed      	LDI  R30,LOW(13)
00021f bde5      	OUT  0x25,R30
                 ; 0000 00CF OCR0A=100;
000220 e6e4      	LDI  R30,LOW(100)
000221 bde7      	OUT  0x27,R30
                 ; 0000 00D0 OCR0B=5;
000222 e0e5      	LDI  R30,LOW(5)
000223 bde8      	OUT  0x28,R30
                 ; 0000 00D1 
                 ; 0000 00D2 // Timer/Counter 1 initialization
                 ; 0000 00D3 // Mode: CTC (Top is OCR1A)
                 ; 0000 00D4 // Prescaler: 256 -> f: 256/8 = 32 muys
                 ; 0000 00D5 // Interrupt and top will be set depend on mode
                 ; 0000 00D6 TCCR1A=0b00000000;
000224 e0e0      	LDI  R30,LOW(0)
000225 93e0 0080 	STS  128,R30
                 ; 0000 00D7 TCCR1B=0b00001100;
000227 e0ec      	LDI  R30,LOW(12)
000228 93e0 0081 	STS  129,R30
                 ; 0000 00D8 TIMSK1=0b00000000;
00022a e0e0      	LDI  R30,LOW(0)
00022b 93e0 006f 	STS  111,R30
                 ; 0000 00D9 
                 ; 0000 00DA // ADC initialization
                 ; 0000 00DB DIDR0=0x01;
00022d e0e1      	LDI  R30,LOW(1)
00022e 93e0 007e 	STS  126,R30
                 ; 0000 00DC ADMUX=ADC_VREF_TYPE & 0xff;
000230 e4e0      	LDI  R30,LOW(64)
000231 93e0 007c 	STS  124,R30
                 ; 0000 00DD ADCSRA=0x81;
000233 e8e1      	LDI  R30,LOW(129)
000234 93e0 007a 	STS  122,R30
                 ; 0000 00DE 
                 ; 0000 00DF // External Interrupt(s) initialization
                 ; 0000 00E0 EICRA=0x02;
000236 e0e2      	LDI  R30,LOW(2)
000237 93e0 0069 	STS  105,R30
                 ; 0000 00E1 EIMSK=0x01;
000239 e0e1      	LDI  R30,LOW(1)
00023a bbed      	OUT  0x1D,R30
                 ; 0000 00E2 EIFR=0x01;
00023b bbec      	OUT  0x1C,R30
                 ; 0000 00E3 
                 ; 0000 00E4 DDRD.5 = 1; // Output PWM
00023c 9a55      	SBI  0xA,5
                 ; 0000 00E5 DDRD.0 = 1; // Output Motor jet water
00023d 9a50      	SBI  0xA,0
                 ; 0000 00E6 PORTC.1 = 1; // Mode High switch
00023e 9a41      	SBI  0x8,1
                 ; 0000 00E7 PORTC.2 = 1; // Mode Low switch
00023f 9a42      	SBI  0x8,2
                 ; 0000 00E8 PORTC.3 = 1; // Mode Interrupt switch
000240 9a43      	SBI  0x8,3
                 ; 0000 00E9 PORTC.4 = 1; // Mode Auto switch
000241 9a44      	SBI  0x8,4
                 ; 0000 00EA PORTC.5 = 1; // Washer Switch
000242 9a45      	SBI  0x8,5
                 ; 0000 00EB PORTD.2 = 1; // Set time for mode interrupt button
000243 9a5a      	SBI  0xB,2
                 ; 0000 00EC 
                 ; 0000 00ED // Characters/line: 16
                 ; 0000 00EE lcd_init(16);
000244 e1e0      	LDI  R30,LOW(16)
000245 93ea      	ST   -Y,R30
000246 940e 02fb 	CALL _lcd_init
                 ; 0000 00EF 
                 ; 0000 00F0 #asm("sei")
000248 9478      	sei
                 ; 0000 00F1 
                 ; 0000 00F2 while (1)
                 _0x48:
                 ; 0000 00F3       {
                 ; 0000 00F4         if(autoSw == On && hiSw == Off && loSw == Off && intSw == Off)
000249 e0a0      	LDI  R26,0
00024a 9934      	SBIC 0x6,4
00024b e0a1      	LDI  R26,1
00024c 30a0      	CPI  R26,LOW(0x0)
00024d f431      	BRNE _0x4C
00024e 9b31      	SBIS 0x6,1
00024f c004      	RJMP _0x4C
000250 9b32      	SBIS 0x6,2
000251 c002      	RJMP _0x4C
000252 9933      	SBIC 0x6,3
000253 c001      	RJMP _0x4D
                 _0x4C:
000254 c002      	RJMP _0x4B
                 _0x4D:
                 ; 0000 00F5         {
                 ; 0000 00F6             modeAuto();
000255 df78      	RCALL _modeAuto
                 ; 0000 00F7         }
                 ; 0000 00F8         else if(hiSw == On && loSw == Off && intSw == Off && autoSw == Off)
000256 c02f      	RJMP _0x4E
                 _0x4B:
000257 e0a0      	LDI  R26,0
000258 9931      	SBIC 0x6,1
000259 e0a1      	LDI  R26,1
00025a 30a0      	CPI  R26,LOW(0x0)
00025b f431      	BRNE _0x50
00025c 9b32      	SBIS 0x6,2
00025d c004      	RJMP _0x50
00025e 9b33      	SBIS 0x6,3
00025f c002      	RJMP _0x50
000260 9934      	SBIC 0x6,4
000261 c001      	RJMP _0x51
                 _0x50:
000262 c002      	RJMP _0x4F
                 _0x51:
                 ; 0000 00F9         {
                 ; 0000 00FA             modeHigh();
000263 df10      	RCALL _modeHigh
                 ; 0000 00FB         }
                 ; 0000 00FC         else if(loSw == On && hiSw == Off && intSw == Off && autoSw == Off)
000264 c021      	RJMP _0x52
                 _0x4F:
000265 e0a0      	LDI  R26,0
000266 9932      	SBIC 0x6,2
000267 e0a1      	LDI  R26,1
000268 30a0      	CPI  R26,LOW(0x0)
000269 f431      	BRNE _0x54
00026a 9b31      	SBIS 0x6,1
00026b c004      	RJMP _0x54
00026c 9b33      	SBIS 0x6,3
00026d c002      	RJMP _0x54
00026e 9934      	SBIC 0x6,4
00026f c001      	RJMP _0x55
                 _0x54:
000270 c002      	RJMP _0x53
                 _0x55:
                 ; 0000 00FD         {
                 ; 0000 00FE             modeLow();
000271 df0f      	RCALL _modeLow
                 ; 0000 00FF         }
                 ; 0000 0100 
                 ; 0000 0101         else if(intSw == On && hiSw == Off && loSw == Off && autoSw == Off)
000272 c013      	RJMP _0x56
                 _0x53:
000273 e0a0      	LDI  R26,0
000274 9933      	SBIC 0x6,3
000275 e0a1      	LDI  R26,1
000276 30a0      	CPI  R26,LOW(0x0)
000277 f431      	BRNE _0x58
000278 9b31      	SBIS 0x6,1
000279 c004      	RJMP _0x58
00027a 9b32      	SBIS 0x6,2
00027b c002      	RJMP _0x58
00027c 9934      	SBIC 0x6,4
00027d c001      	RJMP _0x59
                 _0x58:
00027e c002      	RJMP _0x57
                 _0x59:
                 ; 0000 0102         {
                 ; 0000 0103             modeInterrupt();
00027f df13      	RCALL _modeInterrupt
                 ; 0000 0104         }
                 ; 0000 0105         else if(wasSw == On)
000280 c005      	RJMP _0x5A
                 _0x57:
000281 9935      	SBIC 0x6,5
000282 c002      	RJMP _0x5B
                 ; 0000 0106         {
                 ; 0000 0107             washer();
000283 dee6      	RCALL _washer
                 ; 0000 0108         }
                 ; 0000 0109         else
000284 c001      	RJMP _0x5C
                 _0x5B:
                 ; 0000 010A         {
                 ; 0000 010B             off();
000285 df90      	RCALL _off
                 ; 0000 010C         }
                 _0x5C:
                 _0x5A:
                 _0x56:
                 _0x52:
                 _0x4E:
                 ; 0000 010D         delay_ms(500);
000286 efe4      	LDI  R30,LOW(500)
000287 e0f1      	LDI  R31,HIGH(500)
000288 940e 032d 	CALL SUBOPT_0x0
                 ; 0000 010E       }
00028a cfbe      	RJMP _0x48
                 ; 0000 010F }
                 _0x5D:
00028b cfff      	RJMP _0x5D
                 	#ifndef __SLEEP_DEFINED__
                 	#endif
                 
                 	.CSEG
                 	#ifndef __SLEEP_DEFINED__
                 	#endif
                 
                 	.DSEG
                 
                 	.CSEG
                 __lcd_write_nibble_G101:
00028c 81e8      	LD   R30,Y
00028d 71e0      	ANDI R30,LOW(0x10)
00028e f011      	BREQ _0x2020004
00028f 9a2b      	SBI  0x5,3
000290 c001      	RJMP _0x2020005
                 _0x2020004:
000291 982b      	CBI  0x5,3
                 _0x2020005:
000292 81e8      	LD   R30,Y
000293 72e0      	ANDI R30,LOW(0x20)
000294 f011      	BREQ _0x2020006
000295 9a2c      	SBI  0x5,4
000296 c001      	RJMP _0x2020007
                 _0x2020006:
000297 982c      	CBI  0x5,4
                 _0x2020007:
000298 81e8      	LD   R30,Y
000299 74e0      	ANDI R30,LOW(0x40)
00029a f011      	BREQ _0x2020008
00029b 9a2d      	SBI  0x5,5
00029c c001      	RJMP _0x2020009
                 _0x2020008:
00029d 982d      	CBI  0x5,5
                 _0x2020009:
00029e 81e8      	LD   R30,Y
00029f 78e0      	ANDI R30,LOW(0x80)
0002a0 f011      	BREQ _0x202000A
0002a1 9a2e      	SBI  0x5,6
0002a2 c001      	RJMP _0x202000B
                 _0x202000A:
0002a3 982e      	CBI  0x5,6
                 _0x202000B:
                +
0002a4 e081     +LDI R24 , LOW ( 1 )
                +__DELAY_USB_LOOP :
0002a5 958a     +DEC R24
0002a6 f7f1     +BRNE __DELAY_USB_LOOP
                 	__DELAY_USB 1
0002a7 9a2a      	SBI  0x5,2
                +
0002a8 e082     +LDI R24 , LOW ( 2 )
                +__DELAY_USB_LOOP :
0002a9 958a     +DEC R24
0002aa f7f1     +BRNE __DELAY_USB_LOOP
                 	__DELAY_USB 2
0002ab 982a      	CBI  0x5,2
                +
0002ac e082     +LDI R24 , LOW ( 2 )
                +__DELAY_USB_LOOP :
0002ad 958a     +DEC R24
0002ae f7f1     +BRNE __DELAY_USB_LOOP
                 	__DELAY_USB 2
0002af c07b      	RJMP _0x2080001
                 __lcd_write_data:
0002b0 81e8      	LD   R30,Y
0002b1 93ea      	ST   -Y,R30
0002b2 dfd9      	RCALL __lcd_write_nibble_G101
0002b3 81e8          ld    r30,y
0002b4 95e2          swap  r30
0002b5 83e8          st    y,r30
0002b6 81e8      	LD   R30,Y
0002b7 93ea      	ST   -Y,R30
0002b8 dfd3      	RCALL __lcd_write_nibble_G101
                +
0002b9 e181     +LDI R24 , LOW ( 17 )
                +__DELAY_USB_LOOP :
0002ba 958a     +DEC R24
0002bb f7f1     +BRNE __DELAY_USB_LOOP
                 	__DELAY_USB 17
0002bc c06e      	RJMP _0x2080001
                 _lcd_gotoxy:
0002bd 81e8      	LD   R30,Y
0002be e0f0      	LDI  R31,0
0002bf 57e1      	SUBI R30,LOW(-__base_y_G101)
0002c0 4ffc      	SBCI R31,HIGH(-__base_y_G101)
0002c1 81e0      	LD   R30,Z
0002c2 81a9      	LDD  R26,Y+1
0002c3 0fea      	ADD  R30,R26
0002c4 93ea      	ST   -Y,R30
0002c5 dfea      	RCALL __lcd_write_data
0002c6 8089      	LDD  R8,Y+1
0002c7 8078      	LDD  R7,Y+0
                 _0x2080002:
0002c8 9622      	ADIW R28,2
0002c9 9508      	RET
                 _lcd_clear:
0002ca e0e2      	LDI  R30,LOW(2)
0002cb 940e 0350 	CALL SUBOPT_0x7
0002cd e0ec      	LDI  R30,LOW(12)
0002ce 93ea      	ST   -Y,R30
0002cf dfe0      	RCALL __lcd_write_data
0002d0 e0e1      	LDI  R30,LOW(1)
0002d1 940e 0350 	CALL SUBOPT_0x7
0002d3 e0e0      	LDI  R30,LOW(0)
0002d4 2e7e      	MOV  R7,R30
0002d5 2e8e      	MOV  R8,R30
0002d6 9508      	RET
                 _lcd_putchar:
0002d7 81a8      	LD   R26,Y
0002d8 30aa      	CPI  R26,LOW(0xA)
0002d9 f011      	BREQ _0x2020011
0002da 148a      	CP   R8,R10
0002db f048      	BRLO _0x2020010
                 _0x2020011:
0002dc e0e0      	LDI  R30,LOW(0)
0002dd 93ea      	ST   -Y,R30
0002de 9473      	INC  R7
0002df 927a      	ST   -Y,R7
0002e0 dfdc      	RCALL _lcd_gotoxy
0002e1 81a8      	LD   R26,Y
0002e2 30aa      	CPI  R26,LOW(0xA)
0002e3 f409      	BRNE _0x2020013
0002e4 c046      	RJMP _0x2080001
                 _0x2020013:
                 _0x2020010:
0002e5 9483      	INC  R8
0002e6 9a28      	SBI  0x5,0
0002e7 81e8      	LD   R30,Y
0002e8 93ea      	ST   -Y,R30
0002e9 dfc6      	RCALL __lcd_write_data
0002ea 9828      	CBI  0x5,0
0002eb c03f      	RJMP _0x2080001
                 _lcd_puts:
0002ec 931a      	ST   -Y,R17
                 _0x2020014:
0002ed 81a9      	LDD  R26,Y+1
0002ee 81ba      	LDD  R27,Y+1+1
0002ef 91ed      	LD   R30,X+
0002f0 83a9      	STD  Y+1,R26
0002f1 83ba      	STD  Y+1+1,R27
0002f2 2f1e      	MOV  R17,R30
0002f3 30e0      	CPI  R30,0
0002f4 f019      	BREQ _0x2020016
0002f5 931a      	ST   -Y,R17
0002f6 dfe0      	RCALL _lcd_putchar
0002f7 cff5      	RJMP _0x2020014
                 _0x2020016:
0002f8 8118      	LDD  R17,Y+0
0002f9 9623      	ADIW R28,3
0002fa 9508      	RET
                 _lcd_init:
0002fb 9a23      	SBI  0x4,3
0002fc 9a24      	SBI  0x4,4
0002fd 9a25      	SBI  0x4,5
0002fe 9a26      	SBI  0x4,6
0002ff 9a22      	SBI  0x4,2
000300 9a20      	SBI  0x4,0
000301 9a21      	SBI  0x4,1
000302 982a      	CBI  0x5,2
000303 9828      	CBI  0x5,0
000304 9829      	CBI  0x5,1
000305 80a8      	LDD  R10,Y+0
000306 81e8      	LD   R30,Y
000307 58e0      	SUBI R30,-LOW(128)
                +
000308 93e0 0391+STS __base_y_G101 + ( 2 ) , R30
                 	__PUTB1MN __base_y_G101,2
00030a 81e8      	LD   R30,Y
00030b 54e0      	SUBI R30,-LOW(192)
                +
00030c 93e0 0392+STS __base_y_G101 + ( 3 ) , R30
                 	__PUTB1MN __base_y_G101,3
00030e e1e4      	LDI  R30,LOW(20)
00030f e0f0      	LDI  R31,HIGH(20)
000310 940e 032d 	CALL SUBOPT_0x0
000312 940e 0356 	CALL SUBOPT_0x8
000314 940e 0356 	CALL SUBOPT_0x8
000316 940e 0356 	CALL SUBOPT_0x8
000318 e2e0      	LDI  R30,LOW(32)
000319 93ea      	ST   -Y,R30
00031a df71      	RCALL __lcd_write_nibble_G101
                +
00031b e281     +LDI R24 , LOW ( 33 )
                +__DELAY_USB_LOOP :
00031c 958a     +DEC R24
00031d f7f1     +BRNE __DELAY_USB_LOOP
                 	__DELAY_USB 33
00031e e2e8      	LDI  R30,LOW(40)
00031f 93ea      	ST   -Y,R30
000320 df8f      	RCALL __lcd_write_data
000321 e0e4      	LDI  R30,LOW(4)
000322 93ea      	ST   -Y,R30
000323 df8c      	RCALL __lcd_write_data
000324 e8e5      	LDI  R30,LOW(133)
000325 93ea      	ST   -Y,R30
000326 df89      	RCALL __lcd_write_data
000327 e0e6      	LDI  R30,LOW(6)
000328 93ea      	ST   -Y,R30
000329 df86      	RCALL __lcd_write_data
00032a df9f      	RCALL _lcd_clear
                 _0x2080001:
00032b 9621      	ADIW R28,1
00032c 9508      	RET
                 
                 	.CSEG
                 
                 	.CSEG
                 
                 	.DSEG
                 __base_y_G101:
00038f           	.BYTE 0x4
                 
                 	.CSEG
                 ;OPTIMIZER ADDED SUBROUTINE, CALLED 5 TIMES, CODE SIZE REDUCTION:5 WORDS
                 SUBOPT_0x0:
00032d 93fa      	ST   -Y,R31
00032e 93ea      	ST   -Y,R30
00032f 940c 035e 	JMP  _delay_ms
                 
                 ;OPTIMIZER ADDED SUBROUTINE, CALLED 6 TIMES, CODE SIZE REDUCTION:17 WORDS
                 SUBOPT_0x1:
000331 e0e0      	LDI  R30,LOW(0)
000332 93ea      	ST   -Y,R30
000333 93ea      	ST   -Y,R30
000334 940c 02bd 	JMP  _lcd_gotoxy
                 
                 ;OPTIMIZER ADDED SUBROUTINE, CALLED 9 TIMES, CODE SIZE REDUCTION:13 WORDS
                 SUBOPT_0x2:
000336 93fa      	ST   -Y,R31
000337 93ea      	ST   -Y,R30
000338 940c 02ec 	JMP  _lcd_puts
                 
                 ;OPTIMIZER ADDED SUBROUTINE, CALLED 2 TIMES, CODE SIZE REDUCTION:2 WORDS
                 SUBOPT_0x3:
00033a e0e2      	LDI  R30,LOW(2)
00033b 93e0 006f 	STS  111,R30
00033d e3ed      	LDI  R30,LOW(61)
00033e 93e0 0089 	STS  137,R30
000340 e0e9      	LDI  R30,LOW(9)
000341 9508      	RET
                 
                 ;OPTIMIZER ADDED SUBROUTINE, CALLED 5 TIMES, CODE SIZE REDUCTION:5 WORDS
                 SUBOPT_0x4:
000342 940e 02ca 	CALL _lcd_clear
000344 cfec      	RJMP SUBOPT_0x1
                 
                 ;OPTIMIZER ADDED SUBROUTINE, CALLED 3 TIMES, CODE SIZE REDUCTION:1 WORDS
                 SUBOPT_0x5:
000345 efe4      	LDI  R30,LOW(244)
000346 93e0 0089 	STS  137,R30
000348 e1eb      	LDI  R30,LOW(27)
000349 9508      	RET
                 
                 ;OPTIMIZER ADDED SUBROUTINE, CALLED 2 TIMES, CODE SIZE REDUCTION:1 WORDS
                 SUBOPT_0x6:
00034a e0e0      	LDI  R30,LOW(0)
00034b 93ea      	ST   -Y,R30
00034c e0e1      	LDI  R30,LOW(1)
00034d 93ea      	ST   -Y,R30
00034e 940c 02bd 	JMP  _lcd_gotoxy
                 
                 ;OPTIMIZER ADDED SUBROUTINE, CALLED 2 TIMES, CODE SIZE REDUCTION:2 WORDS
                 SUBOPT_0x7:
000350 93ea      	ST   -Y,R30
000351 940e 02b0 	CALL __lcd_write_data
000353 e0e3      	LDI  R30,LOW(3)
000354 e0f0      	LDI  R31,HIGH(3)
000355 cfd7      	RJMP SUBOPT_0x0
                 
                 ;OPTIMIZER ADDED SUBROUTINE, CALLED 3 TIMES, CODE SIZE REDUCTION:7 WORDS
                 SUBOPT_0x8:
000356 e3e0      	LDI  R30,LOW(48)
000357 93ea      	ST   -Y,R30
000358 940e 028c 	CALL __lcd_write_nibble_G101
                +
00035a e281     +LDI R24 , LOW ( 33 )
                +__DELAY_USB_LOOP :
00035b 958a     +DEC R24
00035c f7f1     +BRNE __DELAY_USB_LOOP
                 	__DELAY_USB 33
00035d 9508      	RET
                 
                 
                 	.CSEG
                 _delay_ms:
00035e 91e9      	ld   r30,y+
00035f 91f9      	ld   r31,y+
000360 9630      	adiw r30,0
000361 f039      	breq __delay_ms1
                 __delay_ms0:
                +
000362 ef8a     +LDI R24 , LOW ( 0xFA )
000363 e090     +LDI R25 , HIGH ( 0xFA )
                +__DELAY_USW_LOOP :
000364 9701     +SBIW R24 , 1
000365 f7f1     +BRNE __DELAY_USW_LOOP
                 	__DELAY_USW 0xFA
000366 95a8      	wdr
000367 9731      	sbiw r30,1
000368 f7c9      	brne __delay_ms0
                 __delay_ms1:
000369 9508      	ret
                 
                 ;END OF CODE MARKER
                 __END_OF_CODE:


RESOURCE USE INFORMATION
------------------------

Notice:
The register and instruction counts are symbol table hit counts,
and hence implicitly used resources are not counted, eg, the
'lpm' instruction without operands implicitly uses r0 and z,
none of which are counted.

x,y,z are separate entities in the symbol table and are
counted separately from r26..r31 here.

.dseg memory usage only counts static data declared with .byte

ATmega328P register use summary:
r0 :   8 r1 :   3 r2 :   0 r3 :   8 r4 :   8 r5 :   6 r6 :   6 r7 :   4 
r8 :   4 r9 :   0 r10:   2 r11:   0 r12:   0 r13:   0 r14:   0 r15:   2 
r16:   0 r17:   4 r18:   0 r19:   0 r20:   0 r21:   0 r22:   4 r23:   2 
r24:  25 r25:   5 r26:  37 r27:  15 r28:   4 r29:   1 r30: 217 r31:  54 
x  :   4 y  :  94 z  :   8 
Registers used: 24 out of 35 (68.6%)

ATmega328P instruction use summary:
.lds  :   0 .lds.l:   0 .sts  :   0 .sts.l:   0 adc   :   1 add   :   2 
adiw  :   4 and   :   0 andi  :   5 asr   :   0 bclr  :   0 bld   :   0 
brbc  :   0 brbs  :   0 brcc  :   0 brcs  :   0 break :   0 breq  :   9 
brge  :   0 brhc  :   0 brhs  :   0 brid  :   0 brie  :   0 brlo  :  10 
brlt  :   0 brmi  :   0 brne  :  21 brpl  :   0 brsh  :   2 brtc  :   0 
brts  :   0 brvc  :   0 brvs  :   0 bset  :   0 bst   :   0 call  :  35 
cbi   :  10 cbr   :   1 clc   :   0 clh   :   0 cli   :   1 cln   :   0 
clr   :   4 cls   :   0 clt   :   0 clv   :   0 clz   :   0 com   :   0 
cp    :  10 cpc   :  13 cpi   :  11 cpse  :   0 dec   :   8 des   :   0 
eor   :   0 fmul  :   0 fmuls :   0 fmulsu:   0 icall :   0 ijmp  :   0 
in    :   3 inc   :   2 jmp   :  33 ld    :  37 ldd   :  11 ldi   : 139 
lds   :   5 lpm   :   7 lsl   :   0 lsr   :   0 mov   :   6 movw  :   3 
mul   :   0 muls  :   0 mulsu :   0 neg   :   0 nop   :   0 or    :   1 
ori   :   3 out   :  17 pop   :   0 push  :   0 rcall :  25 ret   :  12 
reti  :   2 rjmp  :  58 rol   :   0 ror   :   0 sbc   :   0 sbci  :   1 
sbi   :  22 sbic  :  13 sbis  :   9 sbiw  :   6 sbr   :   0 sbrc  :   0 
sbrs  :   0 sec   :   0 seh   :   0 sei   :   1 sen   :   0 ser   :   0 
ses   :   0 set   :   0 sev   :   0 sez   :   0 sleep :   0 spm   :   0 
st    :  49 std   :   2 sts   :  28 sub   :   0 subi  :   3 swap  :   1 
tst   :   0 wdr   :   2 
Instructions used: 46 out of 116 (39.7%)

ATmega328P memory use summary [bytes]:
Segment   Begin    End      Code   Data   Used    Size   Use%
---------------------------------------------------------------
[.cseg] 0x000000 0x0006d4   1498    250   1748   32768   5.3%
[.dseg] 0x000100 0x000393      0    147    147    2303   6.4%
[.eseg] 0x000000 0x000000      0      0      0    1024   0.0%

Assembly complete, 0 errors, 6 warnings
